
  .   ____          _            __ _ _
 /\\ / ___'_ __ _ _(_)_ __  __ _ \ \ \ \
( ( )\___ | '_ | '_| | '_ \/ _` | \ \ \ \
 \\/  ___)| |_)| | | | | || (_| |  ) ) ) )
  '  |____| .__|_| |_|_| |_\__, | / / / /
 =========|_|==============|___/=/_/_/_/
 :: Spring Boot ::                (v3.2.0)

2026-09-30T00:06:03.496+05:30  INFO 11528 --- [aqi-backend] [           main] c.e.aqi_backend.AqiBackendApplication    : Starting AqiBackendApplication v0.0.1-SNAPSHOT using Java 25.0.2 with PID 11528 (D:\Github\Java AQI\java fx gui\AQI-Risk-Assessment\homepage_backend\target\aqi-backend-0.0.1-SNAPSHOT.jar started by hp in D:\Github\Java AQI\java fx gui\AQI-Risk-Assessment\aqi-frontend)
2026-09-30T00:06:03.501+05:30  INFO 11528 --- [aqi-backend] [           main] c.e.aqi_backend.AqiBackendApplication    : No active profile set, falling back to 1 default profile: "default"
WARNING: A restricted method in java.lang.System has been called
WARNING: java.lang.System::load has been called by org.apache.tomcat.jni.Library in an unnamed module (jar:nested:/D:/Github/Java AQI/java fx gui/AQI-Risk-Assessment/homepage_backend/target/aqi-backend-0.0.1-SNAPSHOT.jar/!BOOT-INF/lib/tomcat-embed-core-10.1.16.jar!/)
WARNING: Use --enable-native-access=ALL-UNNAMED to avoid a warning for callers in this module
WARNING: Restricted methods will be blocked in a future release unless native access is enabled

2026-09-30T00:06:06.360+05:30  INFO 11528 --- [aqi-backend] [           main] o.s.b.w.embedded.tomcat.TomcatWebServer  : Tomcat initialized with port 8080 (http)
2026-09-30T00:06:06.375+05:30  INFO 11528 --- [aqi-backend] [           main] o.apache.catalina.core.StandardService   : Starting service [Tomcat]
2026-09-30T00:06:06.376+05:30  INFO 11528 --- [aqi-backend] [           main] o.apache.catalina.core.StandardEngine    : Starting Servlet engine: [Apache Tomcat/10.1.16]
2026-09-30T00:06:06.435+05:30  INFO 11528 --- [aqi-backend] [           main] o.a.c.c.C.[Tomcat].[localhost].[/]       : Initializing Spring embedded WebApplicationContext
2026-09-30T00:06:06.437+05:30  INFO 11528 --- [aqi-backend] [           main] w.s.c.ServletWebServerApplicationContext : Root WebApplicationContext: initialization completed in 2668 ms
2026-09-30T00:06:07.658+05:30  INFO 11528 --- [aqi-backend] [           main] o.s.b.a.e.web.EndpointLinksResolver      : Exposing 1 endpoint(s) beneath base path '/actuator'
2026-09-30T00:06:07.766+05:30  INFO 11528 --- [aqi-backend] [           main] o.s.b.w.embedded.tomcat.TomcatWebServer  : Tomcat started on port 8080 (http) with context path ''
2026-09-30T00:06:07.786+05:30  INFO 11528 --- [aqi-backend] [           main] c.e.aqi_backend.AqiBackendApplication    : Started AqiBackendApplication in 5.742 seconds (process running for 6.981)
2026-09-30T00:06:08.682+05:30  INFO 11528 --- [aqi-backend] [nio-8080-exec-1] o.a.c.c.C.[Tomcat].[localhost].[/]       : Initializing Spring DispatcherServlet 'dispatcherServlet'
2026-09-30T00:06:08.682+05:30  INFO 11528 --- [aqi-backend] [nio-8080-exec-1] o.s.web.servlet.DispatcherServlet        : Initializing Servlet 'dispatcherServlet'
2026-09-30T00:06:08.683+05:30  INFO 11528 --- [aqi-backend] [nio-8080-exec-1] o.s.web.servlet.DispatcherServlet        : Completed initialization in 1 ms
2026-09-30T00:06:08.751+05:30  INFO 11528 --- [aqi-backend] [nio-8080-exec-1] com.zaxxer.hikari.HikariDataSource       : HikariPool-1 - Starting...
2026-09-30T00:06:09.807+05:30  INFO 11528 --- [aqi-backend] [nio-8080-exec-1] com.zaxxer.hikari.pool.HikariPool        : HikariPool-1 - Added connection org.postgresql.jdbc.PgConnection@67bd1b0e
2026-09-30T00:06:09.815+05:30  INFO 11528 --- [aqi-backend] [nio-8080-exec-1] com.zaxxer.hikari.HikariDataSource       : HikariPool-1 - Start completed.
